listOfTuplesWithList a =  ( ( ( (peekArray a) >>=
     (\ a ->  (mapM (peekCWString) a))) >>=
     (\ a ->  (return (Test.listOfTuplesWithList a)))) >>=
     (\ res ->  ( (mapM (\ res ->  ( (mapM (\ res ->  ( ( (\ ( a,  b) ->  (liftM2 ((,)) ( (mapM (\ a ->  ( (mapM (newCWString) a) >>=
     (\ a ->  (newArray a)))) a) >>=
     (\ a ->  (newArray a))) ( (return (map (fromIntegral) b)) >>=
     (\ b ->  (newArray b))))) res) >>=
     (\ res ->  (newTuple2 res)))) res) >>=
     (\ res ->  (newArray res)))) res) >>=
     (\ res ->  (newArray res)))))