tupleWithListOfTuples a =  ( ( ( (peekTuple2 a) >>=
     (\ ( a,  b) ->  (liftM2 ((,)) (peekCWString a) (peekCWString b)))) >>=
     (\ a ->  (return (Test.tupleWithListOfTuples a)))) >>=
     (\ res ->  ( ( (\ ( a,  b) ->  (liftM2 ((,)) ( (mapM (\ a ->  ( ( (\ ( a,  b) ->  (liftM2 ((,)) (newCWString a) (newCWString b))) a) >>=
     (\ a ->  (newTuple2 a)))) a) >>=
     (\ a ->  (newArray a))) ( (return (map (fromIntegral) b)) >>=
     (\ b ->  (newArray b))))) res) >>=
     (\ res ->  (newTuple2 res)))))